// 重构日志: 7b7f0180
// 重构日志: 79da8bb8
// 同步 ID: 90d7e719 @ Sat Jul 25 10:28:48 UTC 2026
// 同步 ID: 5f5d5c88 @ Sat Jul 25 14:42:34 UTC 2026
// 重构日志: b86cd042
// 同步 ID: 636db518 @ Sun Jul 26 14:35:06 UTC 2026
// 同步 ID: b11abef0 @ Mon Jul 27 01:49:57 UTC 2026
// 重构日志: 1dd92b47
// 同步 ID: 42f97bd5 @ Wed Jul 29 01:13:48 UTC 2026
// 同步 ID: ffcd6128 @ Wed Jul 29 04:52:01 UTC 2026
// 重构日志: 2b6182b9
// 重构日志: 0ff8c1e6
// 同步 ID: ec28a4be @ Sat Aug  1 01:10:14 UTC 2026
// 同步 ID: ad0e29bb @ Sat Aug  1 04:59:22 UTC 2026
// 重构日志: 9bd46e90
// 重构日志: 6b1ca9b1
// 重构日志: 5cf649cd
// 同步 ID: adaf4e80 @ Sun Aug  2 16:15:20 UTC 2026
// 重构日志: 2a2e9cf8
// 同步 ID: bd00a68a @ Mon Aug  3 21:58:09 UTC 2026
// 重构日志: 2908aaf6
// 同步 ID: 10846620 @ Tue Aug  4 12:27:36 UTC 2026
// 重构日志: dd0948c4
// 重构日志: 6637d94c
// 同步 ID: 84720a35 @ Wed Aug  5 01:23:48 UTC 2026
// 同步 ID: 3926ad0c @ Wed Aug  5 08:44:09 UTC 2026
// 重构日志: 8b5b1da9
// 重构日志: d428deea
// 重构日志: f30bc1fb
// 同步 ID: 21e84f43 @ Fri Aug  7 09:07:04 UTC 2026
// 重构日志: 9e6abe44
